test/good.in - 1 keys

test/good.in - no warnings or errors
