l10n_check version 1.1
usage:
  bin/l10n_check [options] <file> [<file> ...]

options:
  -v       enable verbose mode
  -nowarn  do not print warnings
  -sameval generate warnings for keys which have the same value

